// Jest Snapshot v1, https://goo.gl/fbAQLP

exports[`<App /> renders correctly and matches snapshot 1`] = `
<DocumentFragment>
  <div
    class="MuiBox-root MuiBox-root makeStyles-gridContainer makeStyles-gridContainer"
  >
    <div
      class="MuiBox-root MuiBox-root"
    >
      <header
        class="MuiPaper-root MuiAppBar-root MuiAppBar-positionStatic MuiAppBar-colorPrimary MuiPaper-elevation4"
      >
        <div
          class="MuiToolbar-root MuiToolbar-regular MuiToolbar-gutters"
        >
          <h6
            class="MuiTypography-root MuiTypography-h6"
          >
            Chat-App
          </h6>
        </div>
      </header>
      <div
        class="MuiPaper-root MuiPaper-elevation1 MuiPaper-rounded"
      >
        <div
          class="MuiTabs-root"
        >
          <div
            class="MuiTabs-scroller MuiTabs-fixed"
            style="overflow: hidden;"
          >
            <div
              class="MuiTabs-flexContainer MuiTabs-centered"
              role="tablist"
            >
              <a
                aria-disabled="false"
                aria-selected="true"
                class="MuiButtonBase-root MuiTab-root MuiTab-textColorPrimary MuiTab-selected MuiTab-labelIcon"
                role="tab"
                tabindex="0"
              >
                <span
                  class="MuiTab-wrapper"
                >
                  <span
                    class="MuiBadge-root"
                    style="opacity: 1; webkit-transition: opacity 500ms cubic-bezier(0.4, 0, 0.2, 1) 0ms; transition: opacity 500ms cubic-bezier(0.4, 0, 0.2, 1) 0ms;"
                  >
                    <svg
                      aria-hidden="true"
                      class="MuiSvgIcon-root"
                      focusable="false"
                      viewBox="0 0 24 24"
                    >
                      <path
                        d="M20 4H4c-1.1 0-1.99.9-1.99 2L2 18c0 1.1.9 2 2 2h16c1.1 0 2-.9 2-2V6c0-1.1-.9-2-2-2zm0 4l-8 5-8-5V6l8 5 8-5v2z"
                      />
                    </svg>
                    <span
                      class="MuiBadge-badge MuiBadge-anchorOriginTopRightRectangle MuiBadge-colorSecondary MuiBadge-invisible"
                    >
                      0
                    </span>
                  </span>
                  Chat
                </span>
                <span
                  class="MuiTouchRipple-root"
                />
              </a>
              <a
                aria-disabled="false"
                aria-selected="false"
                class="MuiButtonBase-root MuiTab-root MuiTab-textColorPrimary MuiTab-labelIcon"
                role="tab"
                tabindex="-1"
              >
                <span
                  class="MuiTab-wrapper"
                >
                  <svg
                    aria-hidden="true"
                    class="MuiSvgIcon-root"
                    focusable="false"
                    viewBox="0 0 24 24"
                  >
                    <path
                      d="M15.95 10.78c.03-.25.05-.51.05-.78s-.02-.53-.06-.78l1.69-1.32c.15-.12.19-.34.1-.51l-1.6-2.77c-.1-.18-.31-.24-.49-.18l-1.99.8c-.42-.32-.86-.58-1.35-.78L12 2.34c-.03-.2-.2-.34-.4-.34H8.4c-.2 0-.36.14-.39.34l-.3 2.12c-.49.2-.94.47-1.35.78l-1.99-.8c-.18-.07-.39 0-.49.18l-1.6 2.77c-.1.18-.06.39.1.51l1.69 1.32c-.04.25-.07.52-.07.78s.02.53.06.78L2.37 12.1c-.15.12-.19.34-.1.51l1.6 2.77c.1.18.31.24.49.18l1.99-.8c.42.32.86.58 1.35.78l.3 2.12c.04.2.2.34.4.34h3.2c.2 0 .37-.14.39-.34l.3-2.12c.49-.2.94-.47 1.35-.78l1.99.8c.18.07.39 0 .49-.18l1.6-2.77c.1-.18.06-.39-.1-.51l-1.67-1.32zM10 13c-1.65 0-3-1.35-3-3s1.35-3 3-3 3 1.35 3 3-1.35 3-3 3z"
                      transform="scale(1.2, 1.2)"
                    />
                  </svg>
                  Settings
                </span>
                <span
                  class="MuiTouchRipple-root"
                />
              </a>
            </div>
            <span
              class="PrivateTabIndicator-root PrivateTabIndicator-colorPrimary MuiTabs-indicator"
              style="left: 0px; width: 0px;"
            />
          </div>
        </div>
      </div>
    </div>
    <div
      class="MuiBox-root MuiBox-root makeStyles-content"
    >
      <div
        class="MuiPaper-root makeStyles-chatContainer makeStyles-chatContainer MuiPaper-elevation3 MuiPaper-rounded"
      >
        <div
          class="MuiBox-root MuiBox-root makeStyles-listContainer makeStyles-listContainer"
        >
          <ul
            class="MuiList-root makeStyles-list MuiList-padding"
          />
        </div>
        <div
          class="MuiBox-root MuiBox-root makeStyles-input"
        >
          <div
            class="MuiBox-root MuiBox-root makeStyles-root"
          >
            <div
              class="MuiFormControl-root MuiTextField-root makeStyles-input MuiFormControl-marginDense"
            >
              <label
                class="MuiFormLabel-root MuiInputLabel-root MuiInputLabel-formControl MuiInputLabel-animated MuiInputLabel-shrink MuiInputLabel-marginDense MuiInputLabel-outlined"
                data-shrink="true"
              >
                Chat
              </label>
              <div
                class="MuiInputBase-root MuiOutlinedInput-root MuiInputBase-formControl MuiInputBase-marginDense MuiOutlinedInput-marginDense"
              >
                <input
                  aria-invalid="false"
                  class="MuiInputBase-input MuiOutlinedInput-input MuiInputBase-inputMarginDense MuiOutlinedInput-inputMarginDense"
                  placeholder="Enter chat message and click the send button"
                  type="text"
                  value=""
                />
                <fieldset
                  aria-hidden="true"
                  class="PrivateNotchedOutline-root MuiOutlinedInput-notchedOutline"
                >
                  <legend
                    class="PrivateNotchedOutline-legendLabelled PrivateNotchedOutline-legendNotched"
                  >
                    <span>
                      Chat
                    </span>
                  </legend>
                </fieldset>
              </div>
            </div>
            <button
              class="MuiButtonBase-root MuiButton-root MuiButton-contained MuiButton-containedSecondary MuiButton-containedSizeLarge MuiButton-sizeLarge"
              tabindex="0"
              type="button"
            >
              <span
                class="MuiButton-label"
              >
                Send
              </span>
              <span
                class="MuiTouchRipple-root"
              />
            </button>
          </div>
        </div>
      </div>
    </div>
  </div>
</DocumentFragment>
`;
